[pw-slots] все 4 слотов браузера заняты — жду очереди

■ C08 · Повторяющиеся записи: серия в журнале → у клиента → клиент снимает одну запись серии
  ✅ C08.S1 [admin] Администратор делает из записи клиента серию «еженедельно, 4 раза»
       · создано 1: 2026-10-05T15:00; тост «1 запись создана в фоновом режиме

3 повтора пропущено — время было занято»
  ❌ C08.S2 [admin] Запись серии в журнале помечена как часть серии — в окне записи серии нет пометки «часть серии» — не отличить от обычной записи
  ❌ C08.S3 [client] Клиент видит записи серии в «Мои записи» — у клиента видно 0 из 1 записей серии (appUserId у повторов: 0 из 1) — повторы потеряли связь с приложением
  ⛔ C08.S4 [client] Клиент «в этот раз не смогу» снимает одну запись серии, остальные остаются — не прогнан: упал шаг S3
  ⏳ C08.S5 [admin] Запись серии, попавшая на выходной, переезжает на ближайшее свободное; оба получают уведомление — ждёт раздела schedule — перенос серии при выходном — schedule (выходной) + journal (серия) + notify (уведомление); правила «куда переезжает» нет ни в одном разделе

■ C07 · Мастер в салоне и дома: домашняя запись закрывает время у админа без имени
  ✅ C07.S1 [client] Карточка мастера: видно «в салоне» и «дома у мастера»
  ✅ C07.S2 [master] Мастер видит свой домашний график рядом с салонным
  ✅ C07.S3 [client] Клиент записывается на воскресное окно «дома у мастера»
       · запись bk_mugw4io8ovyenp 2026-09-27T11:00, workplace home
  ✅ C07.S3b [client] Запись на «домашнее» окно помечена местом «дома»
  ❌ C07.S4 [admin] Администратор салона видит это время закрытым и подписанным «дома» — домашняя запись показана админу как обычная салонная: «11:00–11:45 · Маникюр классический · Ани М.»
  ✅ C07.S5 [admin] Двойная запись на это время невозможна: админ пробует записать Ани в салон
  ⏳ C07.S6 [owner] Салон запрещает домашние записи в часы смены — ждёт раздела staff — /biz/staff — заглушка; поле Business.forbidHomeBookingsDuringShift в ядре есть, экрана нет

■ C18 · «Закончил раньше» → горящее окно у клиента; «Задерживаюсь» → пуш следующему
  ✅ C18.S1 [client] Клиент записан к Ани сегодня позже текущего визита
       · подготовка данными: убраны записи сида Ани 12:30 между концом визита и 14:00 — чтобы клиент цепочки стал следующим
       · идёт визит bk_1605 10:00–12:00; следующая запись клиента bk_mugms2dcezsatn 12:10
  ✅ C18.S2 [master] Мастер нажимает «Закончил раньше» у идущего визита
  ✅ C18.S3 [client] Остаток времени сразу доступен для записи
  ❌ C18.S4 [client] Горящее окно видно в карточке мастера и в «Свободно рядом» — запись сегодня предлагает 11:30, 12:10, 15:45, 16:00, 16:30, 17:45, 18:00, а карточка мастера — «вс, 27 сентября, 11:00 | вс, 27 сентября, 11:30»; «Свободно рядом» — «Ани нет в блоке»: ближайшие окна в каталоге считаются не так, как в записи
  ✅ C18.S5 [master] Мастер задерживается на 10 минут — уведомление уходит следующему клиенту
       · тост «Следующий клиент получил уведомление: задержка 10 мин»; notice {"bookingId":"bk_1605","minutes":10,"nextBookingId":"bk_mugms2dcezsatn","sentAt":"2026-09-25T11:20"}
  ❌ C18.S6 [client] Следующий клиент видит «мастер задерживается» у себя — клиент не узнал о задержке: «Задерживаюсь» пишет только в срез schedule (delayNotices), уведомления клиента его не читают

■ C14 · Мастер отметил «занято» в календаре → окно исчезло у клиента
  ✅ C14.S1 [client] Клиент видит у Ани свободное время на ближайший будний день (салон)
       · день 2026-09-28, первое окно 10:00 (из 4)
  ✅ C14.S2 [master] Мастер в «Мой календарь» отмечает это время занятым
  ✅ C14.S3 [client] У клиента это окно пропало
  ❌ C14.S4 [admin] В журнале салона отметка мастера видна как занятое время — отметки мастера «занято» в журнале не видно — админ может записать клиента на закрытое время

■ C25 · Визит из приложения → «пришёл» → карточка CRM: продано, история визитов, оплачено → то же у клиента
  ✅ C25.S1 [client] Клиент записывается к Соне через приложение (сегодня или завтра)
       · запись bk_mugw532fsd8zur 2026-09-25T16:30, 5000 ֏, карточка cl_001
       · ошибка страницы: Error: Hydration failed because the server rendered HTML didn't match the client. As a result this tree will be regenerated on the client. This can happen if a SSR-ed Client Component used:

- A server/client branch `if (typeof window !== 'undefined')`.
- Variable input such as `Date.now()` or `Math
  ✅ C25.S1b [client] Окна, которые приложение предлагает клиенту, свободны и в журнале
  ✅ C25.S2 [admin] Карточка клиента до визита: «Продано», «Оплачено», «Баланс»
       · до визита: продано 10500, оплачено 10500, баланс 5000
  ✅ C25.S3 [admin] Администратор отмечает «Пришёл»
  ✅ C25.S4 [admin] В карточке «Продано» выросло на сумму визита, визит — в «Истории визитов»
       · после «пришёл»: продано 15500 (было 10500, визит 5000), оплачено 5000, баланс 5000
       · строка истории: «25 сентября, 16:30 · СГ · Сона Григорян · Пришёл · Маникюр классический · Оплачено 5 000 ֏ из 5 000 ֏ · Открыть запись · 11 сентября, 11:00 · АС · Ани Саргсян · Пришёл · Мани»
  ❌ C25.S4b [admin] Оплата визита в «Истории визитов» и в суммах карточки — одна и та же — карточка противоречит сама себе: в «Истории визитов» «Оплачено 5000 из 5000», а в суммах «Оплачено» +-5500 и пометка «Должник» — оплаты в журнале не было (ни одного платежа finance)
       · история: оплачено 5000; карточка: оплачено за визит -5500, баланс 5000
  ⏳ C25.S5 [admin] Оплата визита в окне записи → «Оплачено» в карточке, долг закрыт — ждёт раздела finance — «Оплатить» не спрашивает способ оплаты — вклад finance в окно записи ещё заглушка
       · после «Оплатить»: «Запись · Сона Григорян · Запись · Клиент · Лояльность · Уведомления · Сона Григорян · 25.09.2026, 16:30–17:15 · 45 мин · Изменить · Комментарий · Расширенные поля · Повторение записи · История изменен»
  ❌ C25.S6 [client] Клиент в приложении видит ту же оплату, что и салон — клиент видит оплату, которой в салоне не было: «Оплата · Итого · 5 000 ֏ · Оплачено · 5 000 ֏ · Товары · Уходовое средство для дома · 4 500 ֏ · Понравилось? · Оценить мастера · Отзыв о месте · Оставить отзыв о месте · Повторить за» — суммы приложения выдуманы (getBookingPaymentBreakdown), а в CRM визит не оплачен
       · приложение: оплачено 5000, «Списано с сертификата»: нет; CRM: оплачено за визит -5500

■ C26 · Мастер-индивидуал закрыл день в графике → у клиента нет окон в этот день → журнал показывает выходной
  ✅ C26.S1 [client] У клиента есть окна мастера на ближайший рабочий день этой недели
       · Мариам Нерсесян (st_mariam), 2026-09-26: окна 12:40, 13:00, 13:30, 14:00…
  ✅ C26.S2 [individual] Мастер ставит этот день «Нерабочим» в графике
       · в окне дня: «1 запись»
       · клетка после сохранения: «—»; тост «»
  ✅ C26.S3 [client] У клиента в записи на этот день окон нет
  ✅ C26.S4 [client] В карточке мастера и в каталоге окон на этот день нет
  ✅ C26.S5 [individual] В журнале мастера этот день — нерабочий
       · журнал: «Журнал · 0 ֏ ▾ · Продать · Добавить сотрудника · Новая запись · Журнал · Сентябрь 2026 · Пн · Вт · Ср · Чт · Пт · Сб · Вс · 31 · 1 · 2 · 3 · 4 · 5 · 6 · 7 · 8 ·»
  ❌ C26.S6 [individual] Записи, которые уже были на этот день, не пропали из журнала — на закрытый день осталось 1 записей клиентов, а журнал показывает «Расписание не установлено» и ни одной из них — клиенты придут, а мастер их не видит
       · активных записей на закрытый день в базе: 1 (10:00); блоков в журнале: 0

Итог прогона (81 с): цепочек 6 · ✅ 23 · ❌ 9 · ⏳ 3 · ⛔ 1
Результаты: qa/e2e/results-q4.json
