ok   p01-table
ok   p01-table-full
ok   p02-cell-panel
ok   p02b-panel-full
ok   p03-panel-weekdays
ok   p04-panel-shifts
ok   p05-panel-notworking
FAIL p06-save-work: TimeoutError: locator.click: Timeout 60000ms exceeded.
ok   p07-multi-select
FAIL p08-row-menu: TimeoutError: locator.click: Timeout 60000ms exceeded.
FAIL p09-copy-modal: TimeoutError: locator.click: Timeout 60000ms exceeded.
FAIL p10-filter-position: TimeoutError: locator.click: Timeout 60000ms exceeded.
ok   p11-view-menu
ok   p12-month
FAIL p13-filter-fired-empty: TimeoutError: locator.selectOption: Timeout 60000ms exceeded.
ok   p14-error
ok   p15-slow
ok   p16-master-table
ok   p20-calendar-owner-nostaff
ok   p21-calendar-owner-picked
ok   p22-calendar-master
ok   p22b-calendar-master-full
ok   p23-calendar-mode-busy
ok   p23b-calendar-mode-busy-full
ok   p24-calendar-error
ok   p30-templates
ok   p31-template-create
ok   p31b-template-create-full
ok   p32-templates-error
ok   p33-templates-master
ok   p90-compare-journal
