
=== owner /biz/journal → http://localhost:3710/biz/journal
(консоль чистая)

=== admin /biz/notifications → http://localhost:3710/biz/notifications
(консоль чистая)

=== admin /biz/notifications/log → http://localhost:3710/biz/notifications/log
(консоль чистая)

=== owner /biz/reports → http://localhost:3710/biz/reports
(консоль чистая)

=== owner (пусто) /biz/reports → http://localhost:3710/biz/reports
(консоль чистая)

=== owner (пусто) /biz/schedule → http://localhost:3710/biz/schedule
(консоль чистая)

=== individual (пусто) /biz/schedule → http://localhost:3710/biz/schedule
(консоль чистая)

=== owner /biz/payroll → http://localhost:3710/biz/payroll
(консоль чистая)

=== owner /biz/settings → http://localhost:3710/biz/settings
(консоль чистая)

=== master /biz/journal → http://localhost:3710/biz/journal
(консоль чистая)

страниц с сообщениями: 0 из 10
