
=== owner /biz/payroll → http://localhost:3710/biz/payroll
(консоль чистая)

=== master /biz/payroll/me → http://localhost:3710/biz/payroll/me
(консоль чистая)

=== owner /biz/settings → http://localhost:3710/biz/settings
(консоль чистая)

=== admin /biz/settings → http://localhost:3710/biz/settings
(консоль чистая)

=== owner (пусто) /biz/journal → http://localhost:3710/biz/journal
(консоль чистая)

=== individual (пусто) /biz/journal → http://localhost:3710/biz/journal
(консоль чистая)

=== owner (пусто) /biz/payroll → http://localhost:3710/biz/payroll
(консоль чистая)

=== owner (пусто) /biz/settings → http://localhost:3710/biz/settings
(консоль чистая)

=== individual /biz/journal → http://localhost:3710/biz/journal
(консоль чистая)

=== master /biz/journal → http://localhost:3710/biz/journal
(консоль чистая)

=== network /biz/journal → http://localhost:3710/biz/journal
(консоль чистая)

=== admin /biz/notifications/mailings → http://localhost:3710/biz/notifications/mailings
(консоль чистая)

=== admin /biz/notifications/inbox → http://localhost:3710/biz/notifications/inbox
(консоль чистая)

=== master /biz/notifications → http://localhost:3710/biz/notifications
(консоль чистая)

=== owner /biz/reports/all → http://localhost:3710/biz/reports/all
(консоль чистая)

=== owner (пусто) /biz/schedule/calendar → http://localhost:3710/biz/schedule/calendar
(консоль чистая)

=== admin /biz/payroll → http://localhost:3710/biz/payroll
(консоль чистая)

страниц с сообщениями: 0 из 17
