
=== owner /biz/journal → http://localhost:3710/biz/journal
(консоль чистая)

=== admin /biz/journal → http://localhost:3710/biz/journal
(консоль чистая)

=== admin /biz/notifications → http://localhost:3710/biz/notifications
(консоль чистая)

=== admin /biz/notifications/log → http://localhost:3710/biz/notifications/log
(консоль чистая)

=== admin /biz/notifications/channels → http://localhost:3710/biz/notifications/channels
(консоль чистая)

=== owner /biz/notifications → http://localhost:3710/biz/notifications
(консоль чистая)

=== owner /biz/reports → http://localhost:3710/biz/reports
(консоль чистая)

=== owner (пусто) /biz/reports → http://localhost:3710/biz/reports
(консоль чистая)

=== owner (пусто) /biz/schedule → http://localhost:3710/biz/schedule
(консоль чистая)

=== individual (пусто) /biz/schedule → http://localhost:3710/biz/schedule
(консоль чистая)

=== owner /biz/schedule → http://localhost:3710/biz/schedule
(консоль чистая)

=== owner /biz/payroll → http://localhost:3710/biz/payroll
[pageerror] __TURBOPACK__imported__module__$5b$project$5d2f$src$2f$mock$2f$seed$2f$ids$2e$ts__$5b$app$2d$client$5d$__$28$ecmascript$29$__.EMPTY_BIZ_IDS.has is not a function

=== master /biz/payroll/me → http://localhost:3710/biz/payroll/me
[pageerror] __TURBOPACK__imported__module__$5b$project$5d2f$src$2f$mock$2f$seed$2f$ids$2e$ts__$5b$app$2d$client$5d$__$28$ecmascript$29$__.EMPTY_BIZ_IDS.has is not a function

=== owner /biz/settings → http://localhost:3710/biz/settings
[pageerror] __TURBOPACK__imported__module__$5b$project$5d2f$src$2f$mock$2f$seed$2f$ids$2e$ts__$5b$app$2d$client$5d$__$28$ecmascript$29$__.EMPTY_BIZ_IDS.has is not a function

=== admin /biz/settings → http://localhost:3710/biz/settings
[pageerror] __TURBOPACK__imported__module__$5b$project$5d2f$src$2f$mock$2f$seed$2f$ids$2e$ts__$5b$app$2d$client$5d$__$28$ecmascript$29$__.EMPTY_BIZ_IDS.has is not a function

=== owner (пусто) /biz/journal → http://localhost:3710/biz/journal
[pageerror] __TURBOPACK__imported__module__$5b$project$5d2f$src$2f$mock$2f$seed$2f$ids$2e$ts__$5b$app$2d$client$5d$__$28$ecmascript$29$__.EMPTY_BIZ_IDS.has is not a function

=== individual (пусто) /biz/journal → http://localhost:3710/biz/journal
[pageerror] __TURBOPACK__imported__module__$5b$project$5d2f$src$2f$mock$2f$seed$2f$ids$2e$ts__$5b$app$2d$client$5d$__$28$ecmascript$29$__.EMPTY_BIZ_IDS.has is not a function

страниц с сообщениями: 6 из 17
