Замер: 2 стр. → qa/ux/steward-r5/before/client/ (по 3 одновременно)
  1/2  2/2
страница  кто     яз  уст   конс  4xx  ключи  вылет  <40  data-f  hy-шрифт  загр
────────  ──────  ──  ────  ────  ───  ─────  ─────  ───  ──────  ────────  ────
/         client  ru  тел   19    19   0      —      0    7       ·         7.0с
/         client  ru  деск  19    19   0      —      0    7       ·         7.0с

Итог: страниц 2 · ошибок консоли 38 · предупреждений 0 · 4xx/5xx 38 · i18n нет ключа 0 / нет en 0 / hy→ru 0 · сырых ключей 0 · вылет 0 стр. · мелких целей 0 · висит загрузка 0 · data-f 7
Отчёт: qa/ux/steward-r5/before/client/report.json

• / [client/ru/phone]
   Failed to load resource: net::ERR_CONNECTION_RESET
   Failed to load resource: net::ERR_CONNECTION_RESET
   Failed to load resource: net::ERR_CONNECTION_RESET
   failed: net::ERR_CONNECTION_RESET http://localhost:3710/_next/static/chunks/%5Bturbopack%5D_browser_dev_hmr-client_hmr-client_ts_1di75ot._.js
   failed: net::ERR_CONNECTION_RESET http://localhost:3710/_next/static/chunks/node_modules_next_dist_compiled_next-devtools_index_090k2jm.js
   failed: net::ERR_CONNECTION_RESET http://localhost:3710/_next/static/chunks/node_modules_next_dist_compiled_react-dom_096_9a-._.js

• / [client/ru/desktop]
   Failed to load resource: net::ERR_CONNECTION_RESET
   Failed to load resource: net::ERR_CONNECTION_RESET
   Failed to load resource: net::ERR_CONNECTION_RESET
   failed: net::ERR_CONNECTION_RESET http://localhost:3710/_next/static/chunks/%5Bturbopack%5D_browser_dev_hmr-client_hmr-client_ts_1di75ot._.js
   failed: net::ERR_CONNECTION_RESET http://localhost:3710/_next/static/chunks/node_modules_next_dist_compiled_next-devtools_index_090k2jm.js
   failed: net::ERR_CONNECTION_RESET http://localhost:3710/_next/static/chunks/node_modules_next_dist_compiled_react-dom_096_9a-._.js
